0001344c.p
00134412.p
00134413.p
0066026.p
0066026a.p
2-ndfl_f.p
302trbal.p
302trbls.p
a-ac(l).p
a-amornm.p
a-as-sek.p
a-ass-ed.p
a-assbrw.p
a-br(kp).p
a-casho.p
a-claim.p
a-cnvkau.p
a-crbdoc.p
a-dater.p
a-impgt.p
a-in.p
a-initn0.p
a-initnt.p
a-inmbp.p
a-inst(r.p
a-io(gr).p
a-io-gr.p
a-la(h).p
a-la(rst.p
a-lacc.p
a-ln-ed.p
a-lv1-ad.p
a-lvi(as.p
a-midl1.p
a-mv(gr).p
a-obj.p
a-opu#.p
a-opu-ed.p
a-positn.p
a-remmd.p
a-rl(ln).p
a-sklmbp.p
a-srv-ed.p
a-trans.p
a-trebna.p
a-trebns.p
a-turn.p
accgrcls.p
acct(crd.p
acct-cls.p
acct4dps.p
acct4nal.p
acctbrw.p
acctgetstatement.p
af-amor.p
af-ex.p
af-inv.p
af-move.p
af-over.p
af-wr(gr.p
all_flt.p
ap-amor.p
ap-amorb.p
ap-amort.p
ap-amrtg.p
ap-amrxg.p
ap-chkst.p
ap-f4a.p
ap-inv.p
ap-izrmc.p
ap-list.p
ap-listb.p
ap-listg.p
ap-lists.p
ap-listv.p
ap-listx.p
ap-lisxg.p
ap-lisxs.p
ap-lisxx.p
ap-m11.p
ap-m11s.p
ap-m15.p
ap-m17.p
ap-m4.p
ap-m4s.p
ap-m4sh.p
ap-m4shb.p
ap-m4v.p
ap-m5.p
ap-mb2.p
ap-mb4.p
ap-mb8.p
ap-mbpls.p
ap-mbplx.p
ap-nma1.p
ap-os4.p
ap-os4_1.p
ap-osreg.p
ap-over.p
ap-reqb.p
ap-su-sr.p
ap-su.p
ap-wear.p
ap-wearb.p
ap-wearg.p
as-ex.p
as-out.p
a_nalgr.p
a_nalreg.p
b-ravrf.p
bankord.p
bankordv.p
bankordv1.p
bankordw.p
bankord_ops.p
bankord_st(clb).p
bankord_st(in).p
bchst(op.p
bpn-ed.p
brwchop.p
brwkau.p
bss-stm-imp.p
bss-stm-ini.p
c321cou.p
c321counb.p
caldepc.p
caldepd.p
card-cls.p
card-cvi.p
card-imp.p
card2dec.p
card2inc.p
cardbal.p
cardsort.p
cardved.p
cashcomm.p
cashjour.p
cashord32_new.p
cashord3_new.p
cashord_new.p
ch-mskbn.p
chaccroe.p
chaccrop.p
chd-opa.p
chg-name.p
chk-lop.p
chk-nsib.p
chkstore.p
chs-opa.p
chst-op.p
chst-opa.p
cjour-i-acct.p
cjour-i-br.p
cjour-i-sv.p
cjour-i.p
cjour-o-acct.p
cjour-o-br.p
cjour-o-sv.p
cjour-o.p
cjour-oud.p
cldpsptb.p
clg-cr.p
cli-err.p
close_acct.p
cls_acct.p
cl_loan.p
cnv-lrst.p
cnv-out.p
cnvnstr.p
cnvrecid.p
comm_pd.p
cons-bo.p
cons-bov.p
cons-bow.p
cons-bo_ops.p
cons-mn.p
cons-mnv.p
cons-mo_ops.p
conv7506.p
convloan.p
convumc.p
corr-acc.p
corr-crs.p
corr-gtc.p
corr-gtd.p
corr-ptc.p
corr-ptd.p
corr-safe.p
corr2crd.p
crd(cust.p
crd1inf.p
crd2bal1.p
crd2doc.p
crd2inf.p
crd2infp.p
crd2pos.p
crd2pos2.p
crd2prf.p
crd2prf1.p
crd300cp.p
crd300in.p
crd300ou.p
crd300rs.p
crdbrw.p
crdcomex.p
crddec.p
crddec1.p
crddec2.p
crdex.p
crdmovcr.p
crdmovdb.p
crdps.p
crdstopcop.p
cred-sell.p
credacct.p
crepncomm.p
daycommd.p
daycommk.p
dbo-acct-stmt.p
dbostatopen.p
delopfs.p
doc-rees.p
doc_dps.p
dps-i(cr.p
dps-op.p
dps-open.p
dps-open2.p
dps-p(cr.p
dps-t(cr.p
dps-tr-t.p
dps-tr.p
dps-tr1.p
dps-tr1a.p
dps-tr1w.p
dpscnv.p
dpsopb.p
dps_cl.p
e-940xxx.p
e-bss376.p
e-bss920.p
e-bss950.p
e-mdm.p
e-mdmc.p
e-mdmr.p
e-sw103.p
e-sw200.p
e-sw202.p
e-sw900.p
e-sw910.p
e-swo.p
e-swo100.p
e-swo103.p
e-swo195.p
e-swo200.p
e-swo202.p
e-swo900.p
e-swo910.p
e-swo940.p
e-swo950.p
e-tel100.p
e-tel103.p
e-tel195.p
e-tel196.p
e-tel200.p
e-tel202.p
e-tel900.p
e-tel910.p
e-tel940.p
e-tel942.p
e-tel950.p
e-telgut.p
e-tl103.p
e-tl200.p
e-tl202.p
e-tl900.p
e-tl910.p
e-tua195.p
e-tuc192.p
e-tum100.p
e-tum192.p
e-tum195.p
e-tum196.p
e-tumrkc.p
e1c-imp.p
edit(op).p
exchimpa.p
exchimpb.p
exchimpv.p
exp-corp.p
exp-docp.p
exp-pos.p
exp-stmp.p
expcorp.p
expdiru.p
f-acct.p
f-blkac.p
f-cash.p
f-comp.p
f-cust.p
f-ftc.p
f-mbank.p
f-midl.p
f-midlds.p
f-op-qty.p
f-opb-pay-budg.p
f-opb-pay-loan.p
f-opb-pay.p
f-order.p
f-sm-rep.p
f-sm-sl.p
f-sm-slr.p
f-sm.p
f-smimp.p
f251pred.p
f350#.p
f350jo.p
f350rs.p
f402c1.p
f402c10.p
f402c11.p
f402c2.p
f402c3.p
f402c4.p
f402c5.p
f402c6.p
f402c7.p
f402c8.p
f402c9.p
f406pr#clc.p
f406pred.p
f407#.p
f407#2.p
f407#3.p
f407#4.p
f407pred.p
f407pred1.p
f407pred2.p
f652#2.p
f652#3.p
f652ch.p
f652kl.p
f652trf#.p
f652_clc#clc.p
f652_clc#clc1.p
f652_pr.p
f652_pr1.p
f652_pr2.p
f664i117.p
f664pr#clc.p
f664pred.p
f665r12#.p
f665r3#.p
f665r3#1.p
f665_1#.p
f665_1jc.p
f665_1jk.p
f665_1jo.p
f665_1rs.p
fltcrdisp.p
g-auto.p
g-call.p
g-call1.p
g-call2.p
g-cash.p
g-cash1.p
g-casho.p
g-casho1.p
g-cdcb.p
g-cdsc.p
g-chang.p
g-claim.p
g-cm.p
g-cmmv.p
g-cnvnal.p
g-commcr.p
g-commed.p
g-commun.p
g-comp1.p
g-comp2.p
g-compdu.p
g-comps1.p
g-comps2.p
g-comps3.p
g-comps5.p
g-compt.p
g-cr.p
g-cr1.p
g-cr2.p
g-cr2tr.p
g-cr2unk.p
g-crd1.p
g-crdep.p
g-crhead.p
g-crlin.p
g-crquiet.p
g-crtr.p
g-dcl.p
g-dcl1.p
g-dcltr.p
g-dcltr1.p
g-doc.p
g-dps1.p
g-dpscnv.p
g-dpsprt.p
g-drow.p
g-fordt.p
g-iclsw.p
g-inc.p
g-inc2.p
g-intpay.p
g-kas.p
g-kas1.p
g-kas2.p
g-loan.p
g-mdoc.p
g-midl.p
g-midl1.p
g-midlds.p
g-midlk.p
g-nach3.p
g-nach31.p
g-nach33.p
g-nach4.p
g-nacha_.p
g-nachb.p
g-nachb_.p
g-nach_t.p
g-op.p
g-opdep.p
g-oprib.p
g-r62.p
g-rees.p
g-reserv.p
g-rev.p
g-rev_t.p
g-rezdoc.p
g-rqcnv.p
g-rsrv.p
g-rsrv2.p
g-saldo2.p
g-saldo3.p
g-simp.p
g-simp1.p
g-simpo.p
g-svod.p
g-zero_1.p
gcdcb1_3.p
gcdcb2_1.p
gcdcb2_t.p
gcdsc.p
gcdsc1st.p
gcdsc1_1.p
gcdsc1_2.p
gcdsc1_t.p
gcppos.p
gcppos1.p
gcppos2.p
gcrddec.p
gcrddec3.p
gcrddecu.p
gcrdmove.p
gen-prov.p
getroute.p
getroute2.p
gprfclm.p
gprfclmw.p
gr_kau.p
gr_prol.p
gr_prol1.p
gr_prol3.p
gr_prola.p
gt-avizo1.p
gt-e-mail.p
gt-expmgts.p
gt-op-cpy.p
gt-sw2curr.p
gt-swift-f.p
gt-swift-fr.p
g_buysel.p
g_dodep1.p
g_doloan.p
g_dosroc.p
g_recond.p
g_sroch2.p
g_srocpr.p
i-arp-01.p
i-autnov.p
i-autosa.p
i-autosb.p
i-autoso.p
i-bss100.p
i-card2.p
i-dia-ln.p
i-dias.p
i-disru.p
i-empty.p
i-fin.p
i-incdgr.p
i-incdoc.p
i-incre2.p
i-increz.p
i-kryrsk.p
i-mcirvc.p
i-mcirvv.p
i-mg-acc.p
i-mg-cli.p
i-mg-con.p
i-mg-crd.p
i-mg-doc.p
i-mg-fun.p
i-mg-kas.p
i-mg-mbk.p
i-mg-pst.p
i-mg-rub.p
i-mg-val.p
i-mgd-ru.p
i-mgm-ru.p
i-nnvgrd.p
i-novchk.p
i-novsb1.p
i-novsb2.p
i-novsb9.p
i-novsbs.p
i-op.p
i-op2.p
i-penza.p
i-perkk.p
i-perks.p
i-perrz.p
i-perrzg.p
i-pervk.p
i-petenb.p
i-qwe-kr.p
i-qwe-tm.p
i-rab-ul.p
i-rabis1.p
i-rabis2.p
i-rq-acc.p
i-rq-cli.p
i-rq-cur.p
i-ryaz.p
i-salary.p
i-samara.p
i-sw-upd.p
i-sw100.p
i-sw103.p
i-sw195.p
i-sw196.p
i-sw200.p
i-sw202.p
i-swift.p
i-swupd.p
i-telex.p
i-tl100.p
i-tl103.p
i-tomsk.p
i-udmurt.p
imp-bal.p
imp-corp.p
imp-ent.p
imp-prn.p
imp-ptb.p
imp-sar.p
imp-scan.p
imp-upd.p
imp7504.p
impcorp.p
impop41.p
indpsptb.p
inipoxtr.p
inj-usr.p
inj-usu.p
injour-br.p
injour-ui.p
injour.p
injour3.p
injour3p.p
injour4.p
injour5.p
injourag.p
injoursi.p
injourv-ui.p
injourv.p
injourvp.p
injouv.p
int-op(k.p
joukasin.p
joukasout.p
kass-aut.p
kasscomm.p
kaufun.p
kauproc.p
kazvedu.p
kop-n.p
kop.p
lab-rep.p
ldz-crl.p
ldz.p
leg30631.p
leg3063clc.p
leg321e1.p
leg321e2.p
leg321ex_dml.p
leg321p.p
leg321p_new.p
leg321qry.p
leg375p.p
legal321_mark.p
legal321_marknb.p
legal321_srt.p
legblockclc.p
legblocked1.p
legvyp407.p
les-doc-exp.p
lfx_prn.p
lmupd.p
loadbacc.p
loanop.p
loanop1.p
loan_op.p
mcicomcr.p
mcicomm.p
mcicomm2.p
memor.p
memorm.p
memorn.p
memornv.p
memornv_ops.p
memorn_err.p
memorn_ops.p
memorn_ops_err.p
memorn_spod.p
memorn_st(clb).p
memorn_st(in).p
mtd.p
mtdocme.p
mtdocme2.p
mvnaldoc.p
nach2flt.p
nachpr.p
nachpr1.p
nachpr11.p
nachpr12.p
nachpr2.p
nalloan.p
namerec_1.p
namesend_1.p
new-acct.p
new-bal1.p
new-bal2.p
new-side.p
npr11_k.p
oi-injv.p
oi-outjv.p
op#inc.p
op#v1.p
op-copy.p
op-del.p
op-del2.p
op-deltr.p
op-ed.p
op-en(o)1.p
op-en(o)2.p
op-en(re.p
op-en(t).p
op-en(t)_d.p
op-en(t1.p
op-encon.p
op-endel.p
op-ened.p
op-eninb.p
op-eninc.p
op-enink.p
op-enpr2.p
op-enpr3.p
op-enpr4.p
op-enpr5.p
op-enpri.p
op-enprt.p
op-evpr1.p
op-lenta.p
op-tag.p
op-tag2.p
op-tag3.p
op-tagm.p
op1.p
opclctrl.p
opentrs.p
open_flt.p
opep(b.p
opinc-e.p
opkau-br.p
opkauflt.p
op_flt.p
os-obor.p
outj-usr.p
outj-usu.p
outjou3p.p
outjouag.p
outjour-br.p
outjour-ui.p
outjour.p
outjour3.p
outjour4.p
outjourv-ui.p
outjourv.p
outjousi.p
outjouv.p
outjouvp.p
ov-grace.p
ov-gracel.p
over-s.p
over-sn.p
over-tmp.p
ovn-nps.p
ovn-nps2.p
ovn-nps2l.p
ovn-nps3.p
ovn-nps4.p
p-detail.p
pebop.p
perreestr.p
pp-302dp.p
pp-ac.p
pp-acct.p
pp-blkob.p
pp-cardr.p
pp-crd.p
pp-dcsy.p
pp-esid.p
pp-exbss.p
pp-fk.p
pp-fnum.p
pp-itax.p
pp-iwcnv.p
pp-iwop.p
pp-kop.p
pp-lc.p
pp-ld.p
pp-op.p
pp-pacct.p
pp-pbill.p
pp-pcrd.p
pp-pfact.p
pp-pfilt.p
pp-pinc.p
pp-prsfn.p
pp-ptool.p
pp-rev.p
pp-rsrv.p
pp-swi.p
pp-trsry.p
pp-wchck.p
pp-xfts.p
pp-xswft.p
prdocfil.p
prt-gr-nekorg.p
prt-morprice.p
ps-view.p
purse(.p
r-v#0lsv.p
rasp.p
raspd.p
ree-117d.p
ree-117i.p
ree-117j.p
repcard2.p
replsign.p
reposting.p
rnx-117i.p
rp_blac.p
rsrv-r1.p
run-serv.p
runsched.p
rx-117c.p
rx-117i.p
s-la(be).p
s-trans.p
scrdlrep.p
scrdvip.p
scrdvip2.p
setcrd.p
setop_c2.p
setovr.p
setrec.p
setsaf.p
sf-doh.p
sf-empty.p
sf-obyaz.p
sf-op(cr.p
sf-op(db.p
sf-rash.p
sf-treb.p
sgn-kau.p
showacct.p
showdoc1.p
showdoc2u.p
shwacct1.p
shwacctm.p
sofit-frm-cnv.p
sofit-frm-doc.p
sofit-frm-mbk.p
sp-tab.p
sphere-o.p
spis-p.p
stmt(a).p
stmt(ct).p
stmt(d).p
stmt(dd).p
stmt(did.p
stmt(nd).p
stmt(ud).p
stmt-c.p
stmt-npl.p
stmt-prt.p
stmt-r.p
stmt-vu1.p
stmt-vu2.p
stmt-vu3.p
stmt-vu4.p
stmtb1.p
stmtb2.p
stmtb3.p
stmtb4.p
stmtbcsv.p
stmtbd1.p
stmtbd2.p
stmtbd3.p
stmtbd4.p
stmtdp1.p
stmtdp2.p
stmtdp3.p
stmtdp4.p
stmtg1.p
stmtg2.p
stmtg3.p
stmtg4.p
stmtgis1.p
stmtgis2.p
stmtgis3.p
stmtgis4.p
stmti-v1.p
stmti-v2.p
stmti-v3.p
stmti-v4.p
stmti1.p
stmti1_eng.p
stmti2.p
stmti2_eng.p
stmti3.p
stmti3_eng.p
stmti4.p
stmti4_eng.p
stmticsv.p
stmtid1.p
stmtid2.p
stmtid3.p
stmtid4.p
stmtis1.p
stmtis2.p
stmtis3.p
stmtis4.p
stmtiscsv.p
stmtisd1.p
stmtisd2.p
stmtisd3.p
stmtisd4.p
stmtmg1.p
stmtmg2.p
stmtmg3.p
stmtmg4.p
stmtmgv1.p
stmtmgv2.p
stmtmgv3.p
stmtmgv4.p
stmtmgw1.p
stmtmgw2.p
stmtmgw3.p
stmtmgw4.p
stmtmgx1.p
stmtmgx2.p
stmtmgx3.p
stmtmgx4.p
stmtotal1.p
stmtotal2.p
stmtotal3.p
stmtotal4.p
stmtr-v1.p
stmtr-v2.p
stmtr-v3.p
stmtr-v4.p
stmtucsv.p
symjour.p
t-card.p
taxrsexp.p
tax_ved.p
tcg-open.p
tcg-pr1.p
tcg-pr2.p
tcg-rt.p
tcg-tr.p
tprep.p
tprep2.p
tprepars.p
tr_cblc.p
tr_cblc2.p
trncnvtded.p
trncnvtded2.p
trncnvtdeds.p
trnfrc_2.p
trnfrc_2_err.p
tst-bicm.p
tstcrop.p
us-injv.p
us-outjv.p
v-comm.p
v-commed.p
v-commun.p
v-op-qty.p
v-op.p
valcashord.p
ved_pr1.p
ved_pr_u.p
vpvtb_#.p
vtb-nrof.p
wop-aur.p
wop-doc.p
wrongpos.p
zar_pl.p
zar_pl2.p
